// Vitest Snapshot v1, https://vitest.dev/guide/snapshot.html

exports[`SQS Queue Created 1`] = `
{
  "Parameters": {
    "BootstrapVersion": {
      "Default": "/cdk-bootstrap/hnb659fds/version",
      "Description": "Version of the CDK Bootstrap resources in this environment, automatically retrieved from SSM Parameter Store. [cdk:skip]",
      "Type": "AWS::SSM::Parameter::Value<String>",
    },
  },
  "Resources": {
    "CdkLambdaVersionAliasExampleAlias6E7DC8B0": {
      "Properties": {
        "FunctionName": {
          "Ref": "CdkLambdaVersionAliasExampleFunction8E5C8A1A",
        },
        "FunctionVersion": "$LATEST",
        "Name": "test",
        "RoutingConfig": {
          "AdditionalVersionWeights": [
            {
              "FunctionVersion": {
                "Fn::GetAtt": [
                  "CdkLambdaVersionAliasExampleVersion0CB4103F",
                  "Version",
                ],
              },
              "FunctionWeight": 0.5,
            },
          ],
        },
      },
      "Type": "AWS::Lambda::Alias",
    },
    "CdkLambdaVersionAliasExampleFunction8E5C8A1A": {
      "DependsOn": [
        "CdkLambdaVersionAliasExampleFunctionServiceRoleDefaultPolicyBD439B03",
        "CdkLambdaVersionAliasExampleFunctionServiceRole87861BA8",
      ],
      "Properties": {
        "Code": {
          "S3Bucket": {
            "Fn::Sub": "cdk-hnb659fds-assets-\${AWS::AccountId}-\${AWS::Region}",
          },
          "S3Key": "HASH-REPLACED.zip",
        },
        "Handler": "index.handler",
        "Role": {
          "Fn::GetAtt": [
            "CdkLambdaVersionAliasExampleFunctionServiceRole87861BA8",
            "Arn",
          ],
        },
        "Runtime": "nodejs18.x",
      },
      "Type": "AWS::Lambda::Function",
    },
    "CdkLambdaVersionAliasExampleFunctionServiceRole87861BA8": {
      "Properties": {
        "AssumeRolePolicyDocument": {
          "Statement": [
            {
              "Action": "sts:AssumeRole",
              "Effect": "Allow",
              "Principal": {
                "Service": "lambda.amazonaws.com",
              },
            },
          ],
          "Version": "2012-10-17",
        },
        "ManagedPolicyArns": [
          {
            "Fn::Join": [
              "",
              [
                "arn:",
                {
                  "Ref": "AWS::Partition",
                },
                ":iam::aws:policy/service-role/AWSLambdaBasicExecutionRole",
              ],
            ],
          },
        ],
      },
      "Type": "AWS::IAM::Role",
    },
    "CdkLambdaVersionAliasExampleFunctionServiceRoleDefaultPolicyBD439B03": {
      "Properties": {
        "PolicyDocument": {
          "Statement": [
            {
              "Action": [
                "sqs:ReceiveMessage",
                "sqs:ChangeMessageVisibility",
                "sqs:GetQueueUrl",
                "sqs:DeleteMessage",
                "sqs:GetQueueAttributes",
              ],
              "Effect": "Allow",
              "Resource": {
                "Fn::GetAtt": [
                  "CdkLambdaVersionAliasExampleQueue3D8ED1F9",
                  "Arn",
                ],
              },
            },
          ],
          "Version": "2012-10-17",
        },
        "PolicyName": "CdkLambdaVersionAliasExampleFunctionServiceRoleDefaultPolicyBD439B03",
        "Roles": [
          {
            "Ref": "CdkLambdaVersionAliasExampleFunctionServiceRole87861BA8",
          },
        ],
      },
      "Type": "AWS::IAM::Policy",
    },
    "CdkLambdaVersionAliasExampleFunctionSqsEventSourceMyTestStackCdkLambdaVersionAliasExampleQueue095E73199C51880A": {
      "Properties": {
        "EventSourceArn": {
          "Fn::GetAtt": [
            "CdkLambdaVersionAliasExampleQueue3D8ED1F9",
            "Arn",
          ],
        },
        "FunctionName": {
          "Ref": "CdkLambdaVersionAliasExampleFunction8E5C8A1A",
        },
      },
      "Type": "AWS::Lambda::EventSourceMapping",
    },
    "CdkLambdaVersionAliasExampleQueue3D8ED1F9": {
      "DeletionPolicy": "Delete",
      "Properties": {
        "VisibilityTimeout": 300,
      },
      "Type": "AWS::SQS::Queue",
      "UpdateReplacePolicy": "Delete",
    },
    "CdkLambdaVersionAliasExampleVersion0CB4103F": {
      "Properties": {
        "FunctionName": {
          "Ref": "CdkLambdaVersionAliasExampleFunction8E5C8A1A",
        },
      },
      "Type": "AWS::Lambda::Version",
    },
  },
  "Rules": {
    "CheckBootstrapVersion": {
      "Assertions": [
        {
          "Assert": {
            "Fn::Not": [
              {
                "Fn::Contains": [
                  [
                    "1",
                    "2",
                    "3",
                    "4",
                    "5",
                  ],
                  {
                    "Ref": "BootstrapVersion",
                  },
                ],
              },
            ],
          },
          "AssertDescription": "CDK bootstrap stack version 6 required. Please run 'cdk bootstrap' with a recent version of the CDK CLI.",
        },
      ],
    },
  },
}
`;
